// Jest Snapshot v1, https://goo.gl/fbAQLP

exports[`Events List Component Rendering Tests renders to UI as expected 1`] = `
<section
  className="events__list"
>
  <h3>
    Current Events:
  </h3>
  <ul
    className="responsiveTable"
  >
    <li
      className="tableHeader"
    >
      <div
        className="col col-1"
      >
        Event Date
      </div>
      <div
        className="col col-2"
      >
        Event Name
      </div>
      <div
        className="col col-3"
      >
        Event Time
      </div>
      <div
        className="col col-4"
      >
        Event Location
      </div>
    </li>
  </ul>
</section>
`;
