// Jest Snapshot v1, https://goo.gl/fbAQLP

exports[`Main Nav Component Rendering Tests renders to UI as expected 1`] = `
<nav
  className="main__nav"
>
  <h1>
    SocietyWeb
  </h1>
  <div
    className="main__nav-login"
  >
    <button
      onClick={[Function]}
    >
      Leader Login
    </button>
    <button
      onClick={[Function]}
    >
      Member Login
    </button>
  </div>
</nav>
`;
